Testing ``3-say_my_name`` module
Using ``say_my_name`` function
================================

First: import ``say_my_name`` from ``3-say_my_name`` module
-----------------------------------------------------------

>>> say_my_name = __import__('3-say_my_name').say_my_name

===========================================================

first_name and last_name must be strings
----------------------------------------

>>> say_my_name("John", "Smith")
My name is John Smith

>>> say_my_name("Walter", "White")
My name is Walter White

===========================================================

If first_name or last_name is not string
Expected: TypeError Exception
----------------------------------------

>>> say_my_name(12, "Smith")
Traceback (most recent call last):
...
TypeError: first_name must be a string


>>> say_my_name("Walter", ['White'])
Traceback (most recent call last):
...
TypeError: last_name must be a string
